C:\Users\Andreea\Desktop\Workspace\AplicatieTipReteaSociala\back\src\test\java\com\example\back\registration\EmailValidatorTest.java
C:\Users\Andreea\Desktop\Workspace\AplicatieTipReteaSociala\back\src\test\java\com\example\back\registration\RegistrationServiceTest.java
C:\Users\Andreea\Desktop\Workspace\AplicatieTipReteaSociala\back\src\test\java\com\example\back\registration\token\ConfirmationTokenTest.java
C:\Users\Andreea\Desktop\Workspace\AplicatieTipReteaSociala\back\src\test\java\com\example\back\security\AuthenticationControllerTest.java
C:\Users\Andreea\Desktop\Workspace\AplicatieTipReteaSociala\back\src\test\java\com\example\back\email\EmailServiceTest.java
C:\Users\Andreea\Desktop\Workspace\AplicatieTipReteaSociala\back\src\test\java\com\example\back\security\config\DataSourceConfigTest.java
C:\Users\Andreea\Desktop\Workspace\AplicatieTipReteaSociala\back\src\test\java\com\example\back\appuser\AppUserTest.java
C:\Users\Andreea\Desktop\Workspace\AplicatieTipReteaSociala\back\src\test\java\com\example\back\security\config\MailConfigTest.java
