com\example\back\appuser\AppUser.class
com\example\back\security\PasswordEncoder.class
com\example\back\appuser\AppUserService.class
com\example\back\registration\token\ConfirmationToken.class
com\example\back\security\AuthenticationRequest.class
com\example\back\registration\EmailValidator.class
com\example\back\registration\token\ConfirmationTokenService.class
com\example\back\appuser\AppUserRepository.class
com\example\back\security\AuthenticationResponse.class
com\example\back\BackApplication.class
com\example\back\email\EmailService.class
com\example\back\email\package-info.class
com\example\back\security\package-info.class
com\example\back\security\config\WebConfig.class
com\example\back\registration\RegistrationController.class
com\example\back\security\config\WebSecurityConfig.class
com\example\back\security\config\MailConfig.class
com\example\back\security\CustomUserDetailsService.class
com\example\back\security\config\package-info.class
com\example\back\appuser\package-info.class
com\example\back\registration\RegistrationRequest.class
com\example\back\registration\token\ConfirmationTokenRepository.class
com\example\back\email\EmailSender.class
com\example\back\registration\token\package-info.class
com\example\back\registration\package-info.class
com\example\back\security\JwtUtil.class
com\example\back\registration\RegistrationService.class
com\example\back\appuser\AppUserRole.class
com\example\back\security\CustomUserDetails.class
com\example\back\security\JwtRequestFilter.class
com\example\back\security\AuthenticationController.class
com\example\back\package-info.class
com\example\back\security\config\DataSourceConfig.class
