C:\Users\Andreea\Desktop\Workspace\AplicatieTipReteaSociala\back\src\main\java\com\example\back\package-info.java
C:\Users\Andreea\Desktop\Workspace\AplicatieTipReteaSociala\back\src\main\java\com\example\back\registration\token\ConfirmationToken.java
C:\Users\Andreea\Desktop\Workspace\AplicatieTipReteaSociala\back\src\main\java\com\example\back\registration\RegistrationRequest.java
C:\Users\Andreea\Desktop\Workspace\AplicatieTipReteaSociala\back\src\main\java\com\example\back\security\CustomUserDetailsService.java
C:\Users\Andreea\Desktop\Workspace\AplicatieTipReteaSociala\back\src\main\java\com\example\back\security\CustomUserDetails.java
C:\Users\Andreea\Desktop\Workspace\AplicatieTipReteaSociala\back\src\main\java\com\example\back\BackApplication.java
C:\Users\Andreea\Desktop\Workspace\AplicatieTipReteaSociala\back\src\main\java\com\example\back\registration\EmailValidator.java
C:\Users\Andreea\Desktop\Workspace\AplicatieTipReteaSociala\back\src\main\java\com\example\back\security\config\package-info.java
C:\Users\Andreea\Desktop\Workspace\AplicatieTipReteaSociala\back\src\main\java\com\example\back\security\AuthenticationRequest.java
C:\Users\Andreea\Desktop\Workspace\AplicatieTipReteaSociala\back\src\main\java\com\example\back\security\AuthenticationResponse.java
C:\Users\Andreea\Desktop\Workspace\AplicatieTipReteaSociala\back\src\main\java\com\example\back\registration\token\ConfirmationTokenRepository.java
C:\Users\Andreea\Desktop\Workspace\AplicatieTipReteaSociala\back\src\main\java\com\example\back\security\JwtRequestFilter.java
C:\Users\Andreea\Desktop\Workspace\AplicatieTipReteaSociala\back\src\main\java\com\example\back\appuser\AppUserService.java
C:\Users\Andreea\Desktop\Workspace\AplicatieTipReteaSociala\back\src\main\java\com\example\back\registration\RegistrationController.java
C:\Users\Andreea\Desktop\Workspace\AplicatieTipReteaSociala\back\src\main\java\com\example\back\registration\RegistrationService.java
C:\Users\Andreea\Desktop\Workspace\AplicatieTipReteaSociala\back\src\main\java\com\example\back\appuser\package-info.java
C:\Users\Andreea\Desktop\Workspace\AplicatieTipReteaSociala\back\src\main\java\com\example\back\email\package-info.java
C:\Users\Andreea\Desktop\Workspace\AplicatieTipReteaSociala\back\src\main\java\com\example\back\security\config\DataSourceConfig.java
C:\Users\Andreea\Desktop\Workspace\AplicatieTipReteaSociala\back\src\main\java\com\example\back\security\AuthenticationController.java
C:\Users\Andreea\Desktop\Workspace\AplicatieTipReteaSociala\back\src\main\java\com\example\back\registration\token\package-info.java
C:\Users\Andreea\Desktop\Workspace\AplicatieTipReteaSociala\back\src\main\java\com\example\back\appuser\AppUserRepository.java
C:\Users\Andreea\Desktop\Workspace\AplicatieTipReteaSociala\back\src\main\java\com\example\back\security\config\WebConfig.java
C:\Users\Andreea\Desktop\Workspace\AplicatieTipReteaSociala\back\src\main\java\com\example\back\registration\token\ConfirmationTokenService.java
C:\Users\Andreea\Desktop\Workspace\AplicatieTipReteaSociala\back\src\main\java\com\example\back\email\EmailSender.java
C:\Users\Andreea\Desktop\Workspace\AplicatieTipReteaSociala\back\src\main\java\com\example\back\registration\package-info.java
C:\Users\Andreea\Desktop\Workspace\AplicatieTipReteaSociala\back\src\main\java\com\example\back\security\config\WebSecurityConfig.java
C:\Users\Andreea\Desktop\Workspace\AplicatieTipReteaSociala\back\src\main\java\com\example\back\appuser\AppUser.java
C:\Users\Andreea\Desktop\Workspace\AplicatieTipReteaSociala\back\src\main\java\com\example\back\security\config\MailConfig.java
C:\Users\Andreea\Desktop\Workspace\AplicatieTipReteaSociala\back\src\main\java\com\example\back\appuser\AppUserRole.java
C:\Users\Andreea\Desktop\Workspace\AplicatieTipReteaSociala\back\src\main\java\com\example\back\security\PasswordEncoder.java
C:\Users\Andreea\Desktop\Workspace\AplicatieTipReteaSociala\back\src\main\java\com\example\back\security\package-info.java
C:\Users\Andreea\Desktop\Workspace\AplicatieTipReteaSociala\back\src\main\java\com\example\back\email\EmailService.java
C:\Users\Andreea\Desktop\Workspace\AplicatieTipReteaSociala\back\src\main\java\com\example\back\security\JwtUtil.java
